\set ECHO none
NOTICE:  extension "plpgsql" already exists, skipping
NOTICE:  extension "plpgsql" already exists, skipping
NOTICE:  extension "plpgsql" already exists, skipping
NOTICE:  extension "plpgsql" already exists, skipping
NOTICE:  extension "plpgsql" already exists, skipping
